// Jest Snapshot v1, https://goo.gl/fbAQLP

exports[`#createRoleEntity should convert to entity 1`] = `
{
  "_class": [
    "AccessRole",
  ],
  "_key": "datadog_role:96bd2d90-4625-11ec-a18c-da7ad0900002",
  "_rawData": [
    {
      "name": "default",
      "rawData": {
        "attributes": {
          "createdAt": 2021-11-15T15:06:20.176Z,
          "modifiedAt": 2021-11-15T15:06:20.176Z,
          "name": "Datadog Standard Role",
          "userCount": 0,
        },
        "id": "96bd2d90-4625-11ec-a18c-da7ad0900002",
        "relationships": {
          "permissions": {
            "data": [
              {
                "id": "c95412b9-16c7-11ec-85c0-da7ad0900002",
                "type": "permissions",
              },
              {
                "id": "26c79920-1703-11ec-85d2-da7ad0900002",
                "type": "permissions",
              },
            ],
          },
        },
        "type": "roles",
      },
    },
  ],
  "_type": "datadog_role",
  "createdAt": 1636988780176,
  "createdOn": undefined,
  "displayName": "Datadog Standard Role",
  "id": "96bd2d90-4625-11ec-a18c-da7ad0900002",
  "modifiedAt": 1636988780176,
  "name": "Datadog Standard Role",
  "userCount": 0,
}
`;
