// Jest Snapshot v1, https://goo.gl/fbAQLP

exports[`#fetchAccount should collect data 1`] = `
Object {
  "collectedEntities": Array [
    Object {
      "_class": Array [
        "Account",
      ],
      "_key": "datadog_account:local-integration",
      "_rawData": Array [
        Object {
          "name": "default",
          "rawData": Object {
            "name": "Local Integration",
          },
        },
      ],
      "_type": "datadog_account",
      "createdOn": undefined,
      "displayName": "Local Integration",
      "name": "Local Integration",
    },
  ],
  "collectedRelationships": Array [],
  "encounteredTypes": Array [
    "datadog_account",
  ],
  "numCollectedEntities": 1,
  "numCollectedRelationships": 0,
}
`;
