// Jest Snapshot v1, https://goo.gl/fbAQLP

exports[`#fetchAccount should collect data 1`] = `
{
  "collectedEntities": [
    {
      "_class": [
        "Account",
      ],
      "_key": "datadog_account:local-integration",
      "_rawData": [
        {
          "name": "default",
          "rawData": {
            "name": "Local Integration",
          },
        },
      ],
      "_type": "datadog_account",
      "createdOn": undefined,
      "displayName": "Local Integration",
      "name": "Local Integration",
    },
  ],
  "collectedRelationships": [],
  "encounteredTypes": [
    "datadog_account",
  ],
  "numCollectedEntities": 1,
  "numCollectedRelationships": 0,
}
`;
